panda.config.ts(39,13): error TS2322: Type 'number' is not assignable to type 'Nested<FilterStyleObject<LayerStyleProperty> & CssVarProperties> | undefined'.
panda.config.ts(40,13): error TS2322: Type 'string' is not assignable to type 'Nested<FilterStyleObject<LayerStyleProperty> & CssVarProperties> | undefined'.
panda.config.ts(41,19): error TS2322: Type 'string' is not assignable to type 'Nested<FilterStyleObject<LayerStyleProperty> & CssVarProperties> | undefined'.
panda.config.ts(41,30): error TS2322: Type 'string' is not assignable to type 'Nested<FilterStyleObject<LayerStyleProperty> & CssVarProperties> | undefined'.
panda.config.ts(42,13): error TS2322: Type 'number' is not assignable to type 'Nested<FilterStyleObject<LayerStyleProperty> & CssVarProperties> | undefined'.
panda.config.ts(43,13): error TS2322: Type '"10px"' is not assignable to type 'Nested<FilterStyleObject<LayerStyleProperty> & CssVarProperties> | undefined'.
panda.config.ts(44,13): error TS2322: Type '"#00000F 0 0 10px"' is not assignable to type 'Nested<FilterStyleObject<LayerStyleProperty> & CssVarProperties> | undefined'.
panda.config.ts(45,13): error TS2322: Type '"{spacing.layout}"' is not assignable to type 'Nested<FilterStyleObject<LayerStyleProperty> & CssVarProperties> | undefined'.
panda.config.ts(46,13): error TS2322: Type '"{spacing.layout}"' is not assignable to type 'Nested<FilterStyleObject<LayerStyleProperty> & CssVarProperties> | undefined'.
panda.config.ts(47,13): error TS2322: Type '"{spacing.layout}"' is not assignable to type 'Nested<FilterStyleObject<LayerStyleProperty> & CssVarProperties> | undefined'.
panda.config.ts(48,13): error TS2322: Type 'string' is not assignable to type 'Nested<FilterStyleObject<LayerStyleProperty> & CssVarProperties> | undefined'.
panda.config.ts(54,13): error TS2322: Type 'string' is not assignable to type 'Nested<FilterStyleObject<LayerStyleProperty> & CssVarProperties> | undefined'.
panda.config.ts(55,13): error TS2322: Type 'string' is not assignable to type 'Nested<FilterStyleObject<LayerStyleProperty> & CssVarProperties> | undefined'.
